// Jest Snapshot v1, https://goo.gl/fbAQLP

exports[`DataTable view 1`] = `[Function]`;
