// Jest Snapshot v1, https://goo.gl/fbAQLP

exports[`<FinalScore/> FinalScore component snapshot 1`] = `[Function]`;
