// Jest Snapshot v1, https://goo.gl/fbAQLP

exports[`Flag component 1`] = `
<DocumentFragment>
  <img
    class="flagRightundefined"
    src="[object Object]"
  />
</DocumentFragment>
`;
