// Jest Snapshot v1, https://goo.gl/fbAQLP

exports[`Home view 1`] = `[Function]`;
