// Jest Snapshot v1, https://goo.gl/fbAQLP

exports[`<Modal/> Modal component snapshot 1`] = `
<body>
  <div
    id="modal-root"
  >
    <div
      class="modal"
    />
    <div
      class="card"
    />
  </div>
  <div />
</body>
`;
