// Jest Snapshot v1, https://goo.gl/fbAQLP

exports[`StationBox component 1`] = `[Function]`;
