// Jest Snapshot v1, https://goo.gl/fbAQLP

exports[`StepNews component 1`] = `[Function]`;
