// Jest Snapshot v1, https://goo.gl/fbAQLP

exports[`YearEnd view 1`] = `[Function]`;
